#
# There is insufficient memory for the Java Runtime Environment to continue.
# Native memory allocation (mmap) failed to map 264241152 bytes for G1 virtual space
# Possible reasons:
#   The system is out of physical RAM or swap space
#   The process is running with CompressedOops enabled, and the Java Heap may be blocking the growth of the native heap
# Possible solutions:
#   Reduce memory load on the system
#   Increase physical memory or swap space
#   Check if swap backing store is full
#   Decrease Java heap size (-Xmx/-Xms)
#   Decrease number of Java threads
#   Decrease Java thread stack sizes (-Xss)
#   Set larger code cache with -XX:ReservedCodeCacheSize=
#   JVM is running with Zero Based Compressed Oops mode in which the Java heap is
#     placed in the first 32GB address space. The Java Heap base address is the
#     maximum limit for the native heap growth. Please use -XX:HeapBaseMinAddress
#     to set the Java Heap base and to place the Java Heap above 32GB virtual address.
# This output file may be truncated or incomplete.
#
#  Out of Memory Error (os_windows.cpp:3603), pid=22420, tid=30544
#
# JRE version:  (21.0.7+8) (build )
# Java VM: Java HotSpot(TM) 64-Bit Server VM (21.0.7+8-LTS-245, mixed mode, emulated-client, sharing, tiered, compressed oops, compressed class ptrs, g1 gc, windows-amd64)
# No core dump will be written. Minidumps are not enabled by default on client versions of Windows
#

---------------  S U M M A R Y ------------

Command Line: -agentlib:jdwp=transport=dt_socket,address=127.0.0.1:2667,suspend=y,server=n -javaagent:C:\Users\Administrator\AppData\Local\JetBrains\IntelliJIdea2025.2\captureAgent\debugger-agent.jar=file:///C:/Users/ADMINI~1/AppData/Local/Temp/capture14077178163302324053.props -agentpath:C:\Users\Administrator\AppData\Local\Temp\idea_libasyncProfiler_dll_temp_folder8282\libasyncProfiler.dll=version,jfr,event=wall,interval=10ms,cstack=no,file=C:\Users\Administrator\IdeaSnapshots\GkAdminApplication_2026_06_10_231608.jfr,dbghelppath=C:\Users\Administrator\AppData\Local\Temp\idea_dbghelp_dll_temp_folder6\dbghelp.dll,log=C:\Users\Administrator\AppData\Local\Temp\GkAdminApplication_2026_06_10_231608.jfr.log.txt,logLevel=DEBUG -XX:TieredStopAtLevel=1 -Dspring.output.ansi.enabled=always -Dcom.sun.management.jmxremote -Dspring.jmx.enabled=true -Dspring.liveBeansView.mbeanDomain -Dspring.application.admin.enabled=true -Dmanagement.endpoints.jmx.exposure.include=* -Dsocket.server.port=33833 -Dkotlinx.coroutines.debug.enable.creation.stack.trace=false -Ddebugger.agent.enable.coroutines=true -Dkotlinx.coroutines.debug.enable.flows.stack.trace=true -Dkotlinx.coroutines.debug.enable.mutable.state.flows.stack.trace=true -Dfile.encoding=UTF-8 -Dsun.stdout.encoding=UTF-8 -Dsun.stderr.encoding=UTF-8 com.gk.GkAdminApplication

Host: 12th Gen Intel(R) Core(TM) i7-1260P, 16 cores, 15G,  Windows 11 , 64 bit Build 26100 (10.0.26100.8521)
Time: Wed Jun 10 23:16:10 2026  Windows 11 , 64 bit Build 26100 (10.0.26100.8521) elapsed time: 1.100180 seconds (0d 0h 0m 1s)

---------------  T H R E A D  ---------------

Current thread (0x000001e050e8f4b0):  JavaThread "Unknown thread" [_thread_in_vm, id=30544, stack(0x0000009d11400000,0x0000009d11500000) (1024K)]

Stack: [0x0000009d11400000,0x0000009d11500000]
Native frames: (J=compiled Java code, j=interpreted, Vv=VM code, C=native code)
V  [jvm.dll+0x6cae19]
V  [jvm.dll+0x855741]
V  [jvm.dll+0x857c6e]
V  [jvm.dll+0x858343]
V  [jvm.dll+0x27e0b6]
V  [jvm.dll+0x6c7595]
V  [jvm.dll+0x6bc0fa]
V  [jvm.dll+0x353eaa]
V  [jvm.dll+0x35bb26]
V  [jvm.dll+0x3ae52e]
V  [jvm.dll+0x3ae7d8]
V  [jvm.dll+0x3281bc]
V  [jvm.dll+0x328d1b]
V  [jvm.dll+0x81eaf9]
V  [jvm.dll+0x3bb211]
V  [jvm.dll+0x807d78]
V  [jvm.dll+0x4503ee]
V  [jvm.dll+0x451fe1]
C  [jli.dll+0x52a3]
C  [ucrtbase.dll+0x2cd30]
C  [KERNEL32.DLL+0x2e957]
C  [ntdll.dll+0x87c1c]


---------------  P R O C E S S  ---------------

Threads class SMR info:
_java_thread_list=0x00007ffbf38fcc48, length=0, elements={
}

Java Threads: ( => current thread )
Total: 0

Other Threads:
  0x000001e0595d19a0 WorkerThread "GC Thread#0"                     [id=1972, stack(0x0000009d11500000,0x0000009d11600000) (1024K)]
  0x000001e059621da0 ConcurrentGCThread "G1 Main Marker"            [id=22700, stack(0x0000009d11600000,0x0000009d11700000) (1024K)]
  0x000001e059622df0 WorkerThread "G1 Conc#0"                       [id=10236, stack(0x0000009d11700000,0x0000009d11800000) (1024K)]

[error occurred during error reporting (printing all threads), id 0xc0000005, EXCEPTION_ACCESS_VIOLATION (0xc0000005) at pc=0x00007ffbf306a947]
VM state: not at safepoint (not fully initialized)

VM Mutex/Monitor currently owned by a thread:  ([mutex/lock_event])
[0x00007ffbf396df50] Heap_lock - owner thread: 0x000001e050e8f4b0

Heap address: 0x0000000704400000, size: 4028 MB, Compressed Oops mode: Zero based, Oop shift amount: 3

CDS archive(s) mapped at: [0x0000000000000000-0x0000000000000000-0x0000000000000000), size 0, SharedBaseAddress: 0x0000000800000000, ArchiveRelocationMode: 1.
Narrow klass base: 0x0000000000000000, Narrow klass shift: 0, Narrow klass range: 0x0

GC Precious Log:
 CardTable entry size: 512
 Card Set container configuration: InlinePtr #cards 4 size 8 Array Of Cards #cards 16 size 48 Howl #buckets 8 coarsen threshold 3686 Howl Bitmap #cards 512 size 80 coarsen threshold 460 Card regions per heap region 1 cards per card region 4096

Heap:
 garbage-first heap   total 0K, used 0K [0x0000000704400000, 0x0000000800000000)
  region size 2048K, 0 young (0K), 0 survivors (0K)

[error occurred during error reporting (printing heap information), id 0xc0000005, EXCEPTION_ACCESS_VIOLATION (0xc0000005) at pc=0x00007ffbf3453e79]
GC Heap History (0 events):
No events

Dll operation events (2 events):
Event: 0.024 Loaded shared library D:\Program Files\Java\jdk-21\bin\java.dll
Event: 0.026 Loaded shared library D:\Program Files\Java\jdk-21\bin\zip.dll

Deoptimization events (0 events):
No events

Classes loaded (0 events):
No events

Classes unloaded (0 events):
No events

Classes redefined (0 events):
No events

Internal exceptions (0 events):
No events

ZGC Phase Switch (0 events):
No events

VM Operations (0 events):
No events

Events (0 events):
No events


Dynamic libraries:
0x00007ff720930000 - 0x00007ff720940000 	D:\Program Files\Java\jdk-21\bin\java.exe
0x00007ffc531a0000 - 0x00007ffc53406000 	C:\WINDOWS\SYSTEM32\ntdll.dll
0x00007ffc52b50000 - 0x00007ffc52c19000 	C:\WINDOWS\System32\KERNEL32.DLL
0x00007ffc50a80000 - 0x00007ffc50e7a000 	C:\WINDOWS\System32\KERNELBASE.dll
0x00007ffc504e0000 - 0x00007ffc5062c000 	C:\WINDOWS\System32\ucrtbase.dll
0x00007ffc3e440000 - 0x00007ffc3e459000 	D:\Program Files\Java\jdk-21\bin\jli.dll
0x00007ffc3e3d0000 - 0x00007ffc3e3eb000 	D:\Program Files\Java\jdk-21\bin\VCRUNTIME140.dll
0x00007ffc527a0000 - 0x00007ffc52856000 	C:\WINDOWS\System32\ADVAPI32.dll
0x00007ffc51220000 - 0x00007ffc512c9000 	C:\WINDOWS\System32\msvcrt.dll
0x00007ffc530b0000 - 0x00007ffc5315a000 	C:\WINDOWS\System32\sechost.dll
0x00007ffc52f90000 - 0x00007ffc530a8000 	C:\WINDOWS\System32\RPCRT4.dll
0x00007ffc52dc0000 - 0x00007ffc52f87000 	C:\WINDOWS\System32\USER32.dll
0x00007ffc50a50000 - 0x00007ffc50a77000 	C:\WINDOWS\System32\win32u.dll
0x00007ffc526f0000 - 0x00007ffc5271b000 	C:\WINDOWS\System32\GDI32.dll
0x00007ffc39aa0000 - 0x00007ffc39d32000 	C:\WINDOWS\WinSxS\amd64_microsoft.windows.common-controls_6595b64144ccf1df_6.0.26100.8521_none_3e08b75ce33403b3\COMCTL32.dll
0x00007ffc50920000 - 0x00007ffc50a4b000 	C:\WINDOWS\System32\gdi32full.dll
0x00007ffc50430000 - 0x00007ffc504d3000 	C:\WINDOWS\System32\msvcp_win.dll
0x00007ffc3b1a0000 - 0x00007ffc3b1ab000 	C:\WINDOWS\SYSTEM32\VERSION.dll
0x00007ffc51190000 - 0x00007ffc511c2000 	C:\WINDOWS\System32\IMM32.DLL
0x00007ffc3e480000 - 0x00007ffc3e48c000 	D:\Program Files\Java\jdk-21\bin\vcruntime140_1.dll
0x00007ffc38170000 - 0x00007ffc381fe000 	D:\Program Files\Java\jdk-21\bin\msvcp140.dll
0x00007ffbf2d30000 - 0x00007ffbf3a4a000 	D:\Program Files\Java\jdk-21\bin\server\jvm.dll
0x00007ffc51f90000 - 0x00007ffc52010000 	C:\WINDOWS\System32\WS2_32.dll
0x00007ffc50290000 - 0x00007ffc502ee000 	C:\WINDOWS\SYSTEM32\POWRPROF.dll
0x00007ffc3a120000 - 0x00007ffc3a156000 	C:\WINDOWS\SYSTEM32\WINMM.dll
0x00007ffc50270000 - 0x00007ffc50284000 	C:\WINDOWS\SYSTEM32\UMPDC.dll
0x00007ffc4f180000 - 0x00007ffc4f19b000 	C:\WINDOWS\SYSTEM32\kernel.appcore.dll
0x00007ffc3e430000 - 0x00007ffc3e43a000 	D:\Program Files\Java\jdk-21\bin\jimage.dll
0x00007ffc4d960000 - 0x00007ffc4dba2000 	C:\WINDOWS\SYSTEM32\DBGHELP.DLL
0x00007ffc51c00000 - 0x00007ffc51f83000 	C:\WINDOWS\System32\combase.dll
0x00007ffc52020000 - 0x00007ffc520f9000 	C:\WINDOWS\System32\OLEAUT32.dll
0x00007ffc2f430000 - 0x00007ffc2f46b000 	C:\WINDOWS\SYSTEM32\dbgcore.DLL
0x00007ffc50630000 - 0x00007ffc506d8000 	C:\WINDOWS\System32\bcryptPrimitives.dll
0x00007ffc29d70000 - 0x00007ffc29dac000 	D:\Program Files\Java\jdk-21\bin\jdwp.dll
0x00007ffc44a00000 - 0x00007ffc44a0f000 	D:\Program Files\Java\jdk-21\bin\instrument.dll
0x00007ffc38150000 - 0x00007ffc3816f000 	D:\Program Files\Java\jdk-21\bin\java.dll
0x00007ffb733a0000 - 0x00007ffb735b1000 	C:\Users\Administrator\AppData\Local\Temp\idea_libasyncProfiler_dll_temp_folder8282\libasyncProfiler.dll
0x00007ffc35720000 - 0x00007ffc35738000 	D:\Program Files\Java\jdk-21\bin\zip.dll

dbghelp: loaded successfully - version: 4.0.5 - missing functions: none
symbol engine: initialized successfully - sym options: 0x614 - pdb path: .;D:\Program Files\Java\jdk-21\bin;C:\WINDOWS\SYSTEM32;C:\WINDOWS\WinSxS\amd64_microsoft.windows.common-controls_6595b64144ccf1df_6.0.26100.8521_none_3e08b75ce33403b3;D:\Program Files\Java\jdk-21\bin\server;C:\Users\Administrator\AppData\Local\Temp\idea_libasyncProfiler_dll_temp_folder8282

VM Arguments:
jvm_args: -agentlib:jdwp=transport=dt_socket,address=127.0.0.1:2667,suspend=y,server=n -javaagent:C:\Users\Administrator\AppData\Local\JetBrains\IntelliJIdea2025.2\captureAgent\debugger-agent.jar=file:///C:/Users/ADMINI~1/AppData/Local/Temp/capture14077178163302324053.props -agentpath:C:\Users\Administrator\AppData\Local\Temp\idea_libasyncProfiler_dll_temp_folder8282\libasyncProfiler.dll=version,jfr,event=wall,interval=10ms,cstack=no,file=C:\Users\Administrator\IdeaSnapshots\GkAdminApplication_2026_06_10_231608.jfr,dbghelppath=C:\Users\Administrator\AppData\Local\Temp\idea_dbghelp_dll_temp_folder6\dbghelp.dll,log=C:\Users\Administrator\AppData\Local\Temp\GkAdminApplication_2026_06_10_231608.jfr.log.txt,logLevel=DEBUG -XX:TieredStopAtLevel=1 -Dspring.output.ansi.enabled=always -Dcom.sun.management.jmxremote -Dspring.jmx.enabled=true -Dspring.liveBeansView.mbeanDomain -Dspring.application.admin.enabled=true -Dmanagement.endpoints.jmx.exposure.include=* -Dsocket.server.port=33833 -Dkotlinx.coroutines.debug.enable.creation.stack.trace=false -Ddebugger.agent.enable.coroutines=true -Dkotlinx.coroutines.debug.enable.flows.stack.trace=true -Dkotlinx.coroutines.debug.enable.mutable.state.flows.stack.trace=true -Dfile.encoding=UTF-8 -Dsun.stdout.encoding=UTF-8 -Dsun.stderr.encoding=UTF-8 
java_command: com.gk.GkAdminApplication
java_class_path (initial): E:\IdeaProjects\gk-union\gk-admin\target\classes;E:\IdeaProjects\gk-union\gk-meta\target\classes;E:\IdeaProjects\gk-union\gk-infra\target\classes;E:\IdeaProjects\gk-union\gk-common\target\classes;D:\Drivers\maven\repository\com\baomidou\mybatis-plus-spring-boot3-starter\3.5.16\mybatis-plus-spring-boot3-starter-3.5.16.jar;D:\Drivers\maven\repository\com\baomidou\mybatis-plus\3.5.16\mybatis-plus-3.5.16.jar;D:\Drivers\maven\repository\com\baomidou\mybatis-plus-core\3.5.16\mybatis-plus-core-3.5.16.jar;D:\Drivers\maven\repository\com\baomidou\mybatis-plus-annotation\3.5.16\mybatis-plus-annotation-3.5.16.jar;D:\Drivers\maven\repository\com\baomidou\mybatis-plus-spring\3.5.16\mybatis-plus-spring-3.5.16.jar;D:\Drivers\maven\repository\org\mybatis\mybatis\3.5.19\mybatis-3.5.19.jar;D:\Drivers\maven\repository\org\mybatis\mybatis-spring\3.0.5\mybatis-spring-3.0.5.jar;D:\Drivers\maven\repository\com\baomidou\mybatis-plus-spring-boot-autoconfigure\3.5.16\mybatis-plus-spring-boot-autoconfigure-3.5.16.jar;D:\Drivers\maven\repository\com\baomidou\mybatis-plus-jsqlparser\3.5.16\mybatis-plus-jsqlparser-3.5.16.jar;D:\Drivers\maven\repository\com\github\jsqlparser\jsqlparser\5.2\jsqlparser-5.2.jar;D:\Drivers\maven\repository\com\baomidou\mybatis-plus-jsqlparser-common\3.5.16\mybatis-plus-jsqlparser-common-3.5.16.jar;D:\Drivers\maven\repository\com\baomidou\mybatis-plus-extension\3.5.16\mybatis-plus-extension-3.5.16.jar;D:\Drivers\maven\repository\org\springframework\boot\spring-boot-starter-jdbc\3.5.14\spring-boot-starter-jdbc-3.5.14.jar;D:\Drivers\maven\repository\com\zaxxer\HikariCP\6.3.3\HikariCP-6.3.3.jar;D:\Drivers\maven\repository\org\springframework\spring-jdbc\6.2.18\spring-jdbc-6.2.18.jar;D:\Drivers\maven\repository\com\fasterxml\jackson\datatype\jackson-datatype-jsr310\2.21.2\jackson-datatype-jsr310-2.21.2.jar;D:\Drivers\maven\repository\cn\hutool\hutool-all\5.8.34\hutool-all-5.8.34.jar;D:\Drivers\maven\repository\org\apache\commons\commons-lang3\3.17.0\commons-lang3-3.17.0.jar;D:\Drivers\maven\repository\com\alibaba\fastjson2\fastjson2\2.0.61\fastjson2-2.0.61.jar;D:\Drivers\maven\repository\org\liquibase\liquibase-core\4.31.1\liquibase-core-4.31.1.jar;D:\Drivers\maven\repository\com\opencsv\opencsv\5.9\opencsv-5.9.jar;D:\Drivers\maven\repository\javax\xml\bind\jaxb-api\2.3.1\jaxb-api-2.3.1.jar;D:\Drivers\maven\repository\org\apache\commons\commons-collections4\4.4\commons-collections4-4.4.jar;D:\Drivers\maven\repository\org\apache\commons\commons-text\1.13.0\commons-text-1.13.0.jar;D:\Drivers\maven\repository\commons-io\commons-io\2.18.0\commons-io-2.18.0.jar;D:\Drivers\maven\repository\com\mysql\mysql-connector-j\9.7.0\mysql-connector-j-9.7.0.jar;D:\Drivers\maven\repository\com\alibaba\transmittable-thread-local\2.14.5\transmittable-thread-local-2.14.5.jar;D:\Drivers\maven\repository\org\springframework\boot\spring-boot-starter-security\3.5.14\spring-boot-starter-security-3.5.14.jar;D:\Drivers\maven\repository\org\springframework\security\spring-security-config\6.5.10\spring-security-config-6.5.10.jar;D:\Drivers\maven\repository\org\springframework\security\spring-security-core\6.5.10\spring-security-core-6.5.10.jar;D:\Drivers\maven\repository\org\springframework\security\spring-security-crypto\6.5.10\spring-security-crypto-6.5.10.jar;D:\Drivers\maven\repository\org\springframework\security\spring-security-web\6.5.10\spring-security-web-6.5.10.jar;D:\Drivers\maven\repository\org\apache\rocketmq\rocketmq-spring-boot-starter\2.3.4\rocketmq-spring-boot-starter-2.3.4.jar;D:\Drivers\maven\repository\org\apache\rocketmq\rocketmq-spring-boot\2.3.4\rocketmq-spring-boot-2.3.4.jar;D:\Drivers\maven\repository\org\apache\rocketmq\rocketmq-client\5.3.2\rocketmq-client-5.3.2.jar;D:\Drivers\maven\repository\org\apache\rocketmq\rocketmq-remoting\5.3.2\rocketmq-remoting-5.3.2.jar;D:\Drivers\maven\repository\org\reflections\reflections\0.9.11\reflections-0.9.11.jar;D:\Drivers\maven\repository\org\javassist\javassist\3.21.0-GA\javassist-3.21.0-GA.jar;D:\Drivers\maven\repository\io\github\aliyunmq\rocketmq-slf4j-api\1.0.1\rocketmq-slf4j-api-1.0.1.jar;D:\Drivers\maven\repository\io\github\aliyunmq\rocketmq-logback-classic\1.0.1\rocketmq-logback-classic-1.0.1.jar;D:\Drivers\maven\repository\org\apache\rocketmq\rocketmq-acl\5.3.2\rocketmq-acl-5.3.2.jar;D:\Drivers\maven\repository\org\apache\rocketmq\rocketmq-proto\2.0.4\rocketmq-proto-2.0.4.jar;D:\Drivers\maven\repository\org\apache\rocketmq\rocketmq-common\5.3.2\rocketmq-common-5.3.2.jar;D:\Drivers\maven\repository\com\alibaba\fastjson\1.2.83\fastjson-1.2.83.jar;D:\Drivers\maven\repository\io\netty\netty-all\4.1.132.Final\netty-all-4.1.132.Final.jar;D:\Drivers\maven\repository\io\netty\netty-codec-dns\4.1.132.Final\netty-codec-dns-4.1.132.Final.jar;D:\Drivers\maven\repository\io\netty\netty-codec-haproxy\4.1.132.Final\netty-codec-haproxy-4.1.132.Final.jar;D:\Drivers\maven\repository\io\netty\netty-codec-http\4.1.132.Final\netty-codec-http-4.1.132.Final.jar;D:\Drivers\maven\repository\io\netty\netty-codec-http2\4.1.132.Final\netty-codec-http2-4.1.132.Final.jar;D:\Drivers\maven\repository\io\netty\netty-codec-memcache\4.1.132.Final\netty-codec-memcache-4.1.132.Final.jar;D:\Drivers\maven\repository\io\netty\netty-codec-mqtt\4.1.132.Final\netty-codec-mqtt-4.1.132.Final.jar;D:\Drivers\maven\repository\io\netty\netty-codec-redis\4.1.132.Final\netty-codec-redis-4.1.132.Final.jar;D:\Drivers\maven\repository\io\netty\netty-codec-smtp\4.1.132.Final\netty-codec-smtp-4.1.132.Final.jar;D:\Drivers\maven\repository\io\netty\netty-codec-socks\4.1.132.Final\netty-codec-socks-4.1.132.Final.jar;D:\Drivers\maven\repository\io\netty\netty-codec-stomp\4.1.132.Final\netty-codec-stomp-4.1.132.Final.jar;D:\Drivers\maven\repository\io\netty\netty-codec-xml\4.1.132.Final\netty-codec-xml-4.1.132.Final.jar;D:\Drivers\maven\repository\io\netty\netty-handler-proxy\4.1.132.Final\netty-handler-proxy-4.1.132.Final.jar;D:\Drivers\maven\repository\io\netty\netty-handler-ssl-ocsp\4.1.132.Final\netty-handler-ssl-ocsp-4.1.132.Final.jar;D:\Drivers\maven\repository\io\netty\netty-resolver-dns\4.1.132.Final\netty-resolver-dns-4.1.132.Final.jar;D:\Drivers\maven\repository\io\netty\netty-transport-rxtx\4.1.132.Final\netty-transport-rxtx-4.1.132.Final.jar;D:\Drivers\maven\repository\io\netty\netty-transport-sctp\4.1.132.Final\netty-transport-sctp-4.1.132.Final.jar;D:\Drivers\maven\repository\io\netty\netty-transport-udt\4.1.132.Final\netty-transport-udt-4.1.132.Final.jar;D:\Drivers\maven\repository\io\netty\netty-transport-classes-epoll\4.1.132.Final\netty-transport-classes-epoll-4.1.132.Final.jar;D:\Drivers\maven\repository\io\netty\netty-transport-classes-kqueue\4.1.132.Final\netty-transport-classes-kqueue-4.1.132.Final.jar;D:\Drivers\maven\repository\io\netty\netty-resolver-dns-classes-macos\4.1.132.Final\netty-resolver-dns-classes-macos-4.1.132.Final.jar;D:\Drivers\maven\repository\io\netty\netty-transport-native-epoll\4.1.132.Final\netty-transport-native-epoll-4.1.132.Final-linux-x86_64.jar;D:\Drivers\maven\repository\io\netty\netty-transport-native-epoll\4.1.132.Final\netty-transport-native-epoll-4.1.132.Final-linux-aarch_64.jar;D:\Drivers\maven\repository\io\netty\netty-transport-native-epoll\4.1.132.Final\netty-transport-native-epoll-4.1.132.Final-linux-riscv64.jar;D:\Drivers\maven\repository\io\netty\netty-transport-native-kqueue\4.1.132.Final\netty-transport-native-kqueue-4.1.132.Final-osx-x86_64.jar;D:\Drivers\maven\repository\io\netty\netty-transport-native-kqueue\4.1.132.Final\netty-transport-native-kqueue-4.1.132.Final-osx-aarch_64.jar;D:\Drivers\maven\repository\io\netty\netty-resolver-dns-native-macos\4.1.132.Final\netty-resolver-dns-native-macos-4.1.132.Final-osx-x86_64.jar;D:\Drivers\maven\repository\io\netty\netty-resolver-dns-native-macos\4.1.132.Final\netty-resolver-dns-native-macos-4.1.132.Final-osx-aarch_64.jar;D:\Drivers\maven\repository\com\github\luben\zstd-jni\1.5.2-2\zstd-jni-1.5.2-2.jar;D:\Drivers\maven\repository\org\lz4\lz4-java\1.8.0\lz4-java-1.8.0.jar;D:\Drivers\maven\repository\com\google\guava\guava\32.0.1-jre\guava-32.0.1-jre.jar;D:\Drivers\maven\repository\com\google\guava\failureaccess\1.0.1\failureaccess-1.0.1.jar;D:\Drivers\maven\repository\com\google\guava\listenablefuture\9999.0-empty-to-avoid-conflict-with-guava\listenablefuture-9999.0-empty-to-avoid-conflict-with-guava.jar;D:\Drivers\maven\repository\org\checkerframework\checker-qual\3.33.0\checker-qual-3.33.0.jar;D:\Drivers\maven\repository\com\google\j2objc\j2objc-annotations\2.8\j2objc-annotations-2.8.jar;D:\Drivers\maven\repository\io\opentelemetry\opentelemetry-exporter-otlp\1.49.0\opentelemetry-exporter-otlp-1.49.0.jar;D:\Drivers\maven\repository\io\opentelemetry\opentelemetry-sdk-trace\1.49.0\opentelemetry-sdk-trace-1.49.0.jar;D:\Drivers\maven\repository\io\opentelemetry\opentelemetry-sdk-metrics\1.49.0\opentelemetry-sdk-metrics-1.49.0.jar;D:\Drivers\maven\repository\io\opentelemetry\opentelemetry-sdk-logs\1.49.0\opentelemetry-sdk-logs-1.49.0.jar;D:\Drivers\maven\repository\io\opentelemetry\opentelemetry-exporter-otlp-common\1.49.0\opentelemetry-exporter-otlp-common-1.49.0.jar;D:\Drivers\maven\repository\io\opentelemetry\opentelemetry-exporter-common\1.49.0\opentelemetry-exporter-common-1.49.0.jar;D:\Drivers\maven\repository\io\opentelemetry\opentelemetry-exporter-sender-okhttp\1.49.0\opentelemetry-exporter-sender-okhttp-1.49.0.jar;D:\Drivers\maven\repository\com\squareup\okhttp3\okhttp\4.12.0\okhttp-4.12.0.jar;D:\Drivers\maven\repository\com\squareup\okio\okio\3.6.0\okio-3.6.0.jar;D:\Drivers\maven\repository\org\jetbrains\kotlin\kotlin-stdlib-jdk8\1.9.25\kotlin-stdlib-jdk8-1.9.25.jar;D:\Drivers\maven\repository\org\jetbrains\kotlin\kotlin-stdlib\1.9.25\kotlin-stdlib-1.9.25.jar;D:\Drivers\maven\repository\org\jetbrains\annotations\13.0\annotations-13.0.jar;D:\Drivers\maven\repository\org\jetbrains\kotlin\kotlin-stdlib-jdk7\1.9.25\kotlin-stdlib-jdk7-1.9.25.jar;D:\Drivers\maven\repository\io\opentelemetry\opentelemetry-sdk-extension-autoconfigure-spi\1.49.0\opentelemetry-sdk-extension-autoconfigure-spi-1.49.0.jar;D:\Drivers\maven\repository\io\opentelemetry\opentelemetry-exporter-prometheus\1.29.0-alpha\opentelemetry-exporter-prometheus-1.29.0-alpha.jar;D:\Drivers\maven\repository\io\opentelemetry\opentelemetry-exporter-logging\1.49.0\opentelemetry-exporter-logging-1.49.0.jar;D:\Drivers\maven\repository\io\opentelemetry\opentelemetry-sdk\1.49.0\opentelemetry-sdk-1.49.0.jar;D:\Drivers\maven\repository\io\opentelemetry\opentelemetry-api\1.49.0\opentelemetry-api-1.49.0.jar;D:\Drivers\maven\repository\io\opentelemetry\opentelemetry-context\1.49.0\opentelemetry-context-1.49.0.jar;D:\Drivers\maven\repository\io\opentelemetry\opentelemetry-sdk-common\1.49.0\opentelemetry-sdk-common-1.49.0.jar;D:\Drivers\maven\repository\io\opentelemetry\opentelemetry-exporter-logging-otlp\1.49.0\opentelemetry-exporter-logging-otlp-1.49.0.jar;D:\Drivers\maven\repository\io\grpc\grpc-stub\1.53.0\grpc-stub-1.53.0.jar;D:\Drivers\maven\repository\io\grpc\grpc-api\1.53.0\grpc-api-1.53.0.jar;D:\Drivers\maven\repository\io\grpc\grpc-context\1.53.0\grpc-context-1.53.0.jar;D:\Drivers\maven\repository\com\google\errorprone\error_prone_annotations\2.14.0\error_prone_annotations-2.14.0.jar;D:\Drivers\maven\repository\io\grpc\grpc-netty-shaded\1.53.0\grpc-netty-shaded-1.53.0.jar;D:\Drivers\maven\repository\io\perfmark\perfmark-api\0.25.0\perfmark-api-0.25.0.jar;D:\Drivers\maven\repository\io\grpc\grpc-core\1.53.0\grpc-core-1.53.0.jar;D:\Drivers\maven\repository\com\google\code\gson\gson\2.13.2\gson-2.13.2.jar;D:\Drivers\maven\repository\com\google\android\annotations\4.1.1.4\annotations-4.1.1.4.jar;D:\Drivers\maven\repository\org\codehaus\mojo\animal-sniffer-annotations\1.21\animal-sniffer-annotations-1.21.jar;D:\Drivers\maven\repository\com\squareup\okio\okio-jvm\3.4.0\okio-jvm-3.4.0.jar;D:\Drivers\maven\repository\org\apache\rocketmq\rocketmq-srvutil\5.3.2\rocketmq-srvutil-5.3.2.jar;D:\Drivers\maven\repository\commons-cli\commons-cli\1.5.0\commons-cli-1.5.0.jar;D:\Drivers\maven\repository\com\googlecode\concurrentlinkedhashmap\concurrentlinkedhashmap-lru\1.4.2\concurrentlinkedhashmap-lru-1.4.2.jar;D:\Drivers\maven\repository\commons-codec\commons-codec\1.18.0\commons-codec-1.18.0.jar;D:\Drivers\maven\repository\commons-validator\commons-validator\1.7\commons-validator-1.7.jar;D:\Drivers\maven\repository\commons-beanutils\commons-beanutils\1.9.4\commons-beanutils-1.9.4.jar;D:\Drivers\maven\repository\commons-digester\commons-digester\2.1\commons-digester-2.1.jar;D:\Drivers\maven\repository\commons-logging\commons-logging\1.2\commons-logging-1.2.jar;D:\Drivers\maven\repository\commons-collections\commons-collections\3.2.2\commons-collections-3.2.2.jar;D:\Drivers\maven\repository\com\google\protobuf\protobuf-java-util\3.20.1\protobuf-java-util-3.20.1.jar;D:\Drivers\maven\repository\com\google\protobuf\protobuf-java\3.20.1\protobuf-java-3.20.1.jar;D:\Drivers\maven\repository\com\google\code\findbugs\jsr305\3.0.2\jsr305-3.0.2.jar;D:\Drivers\maven\repository\org\springframework\spring-messaging\6.2.18\spring-messaging-6.2.18.jar;E:\IdeaProjects\gk-union\gk-auth\target\classes;D:\Drivers\maven\repository\org\springframework\boot\spring-boot-starter-oauth2-authorization-server\3.5.14\spring-boot-starter-oauth2-authorization-server-3.5.14.jar;D:\Drivers\maven\repository\org\springframework\boot\spring-boot-starter-web\3.5.14\spring-boot-starter-web-3.5.14.jar;D:\Drivers\maven\repository\org\springframework\boot\spring-boot-starter-json\3.5.14\spring-boot-starter-json-3.5.14.jar;D:\Drivers\maven\repository\com\fasterxml\jackson\datatype\jackson-datatype-jdk8\2.21.2\jackson-datatype-jdk8-2.21.2.jar;D:\Drivers\maven\repository\com\fasterxml\jackson\module\jackson-module-parameter-names\2.21.2\jackson-module-parameter-names-2.21.2.jar;D:\Drivers\maven\repository\org\springframework\boot\spring-boot-starter-tomcat\3.5.14\spring-boot-starter-tomcat-3.5.14.jar;D:\Drivers\maven\repository\org\apache\tomcat\embed\tomcat-embed-core\10.1.54\tomcat-embed-core-10.1.54.jar;D:\Drivers\maven\repository\org\apache\tomcat\embed\tomcat-embed-websocket\10.1.54\tomcat-embed-websocket-10.1.54.jar;D:\Drivers\maven\repository\org\springframework\spring-web\6.2.18\spring-web-6.2.18.jar;D:\Drivers\maven\repository\org\springframework\security\spring-security-oauth2-authorization-server\1.5.7\spring-security-oauth2-authorization-server-1.5.7.jar;D:\Drivers\maven\repository\org\springframework\security\spring-security-oauth2-core\6.5.10\spring-security-oauth2-core-6.5.10.jar;D:\Drivers\maven\repository\org\springframework\security\spring-security-oauth2-jose\6.5.10\spring-security-oauth2-jose-6.5.10.jar;D:\Drivers\maven\repository\org\springframework\security\spring-security-oauth2-resource-server\6.5.10\spring-security-oauth2-resource-server-6.5.10.jar;D:\Drivers\maven\repository\com\nimbusds\nimbus-jose-jwt\9.47\nimbus-jose-jwt-9.47.jar;D:\Drivers\maven\repository\io\jsonwebtoken\jjwt\0.9.1\jjwt-0.9.1.jar;D:\Drivers\maven\repository\com\fasterxml\jackson\core\jackson-databind\2.21.2\jackson-databind-2.21.2.jar;D:\Drivers\maven\repository\com\fasterxml\jackson\core\jackson-annotations\2.21\jackson-annotations-2.21.jar;D:\Drivers\maven\repository\com\fasterxml\jackson\core\jackson-core\2.21.2\jackson-core-2.21.2.jar;E:\IdeaProjects\gk-union\gk-scheduler\target\classes;D:\Drivers\maven\repository\org\springframework\boot\spring-boot-starter-quartz\3.5.14\spring-boot-starter-quartz-3.5.14.jar;D:\Drivers\maven\repository\org\springframework\spring-context-support\6.2.18\spring-context-support-6.2.18.jar;D:\Drivers\maven\repository\org\springframework\spring-tx\6.2.18\spring-tx-6.2.18.jar;D:\Drivers\maven\repository\org\quartz-scheduler\quartz\2.5.2\quartz-2.5.2.jar;E:\IdeaProjects\gk-union\gk-devtools\target\classes;D:\Drivers\maven\repository\org\springframework\boot\spring-boot-starter-freemarker\3.5.14\spring-boot-starter-freemarker-3.5.14.jar;D:\Drivers\maven\repository\org\freemarker\freemarker\2.3.34\freemarker-2.3.34.jar;D:\Drivers\maven\repository\jakarta\servlet\jakarta.servlet-api\6.0.0\jakarta.servlet-api-6.0.0.jar;E:\IdeaProjects\gk-union\gk-platform\target\classes;E:\IdeaProjects\gk-union\gk-ledger\target\classes;E:\IdeaProjects\gk-union\gk-cloak\target\classes;D:\Drivers\maven\repository\org\springframework\boot\spring-boot-devtools\3.5.14\spring-boot-devtools-3.5.14.jar;D:\Drivers\maven\repository\org\springframework\boot\spring-boot\3.5.14\spring-boot-3.5.14.jar;D:\Drivers\maven\repository\org\springframework\spring-context\6.2.18\spring-context-6.2.18.jar;D:\Drivers\maven\repository\org\springframework\spring-expression\6.2.18\spring-expression-6.2.18.jar;D:\Drivers\maven\repository\io\micrometer\micrometer-observation\1.15.11\micrometer-observation-1.15.11.jar;D:\Drivers\maven\repository\io\micrometer\micrometer-commons\1.15.11\micrometer-commons-1.15.11.jar;D:\Drivers\maven\repository\org\springframework\boot\spring-boot-autoconfigure\3.5.14\spring-boot-autoconfigure-3.5.14.jar;D:\Drivers\maven\repository\org\projectlombok\lombok\1.18.46\lombok-1.18.46.jar;D:\Drivers\maven\repository\org\springframework\boot\spring-boot-starter\3.5.14\spring-boot-starter-3.5.14.jar;D:\Drivers\maven\repository\org\springframework\boot\spring-boot-starter-logging\3.5.14\spring-boot-starter-logging-3.5.14.jar;D:\Drivers\maven\repository\ch\qos\logback\logback-classic\1.5.32\logback-classic-1.5.32.jar;D:\Drivers\maven\repository\ch\qos\logback\logback-core\1.5.32\logback-core-1.5.32.jar;D:\Drivers\maven\repository\org\apache\logging\log4j\log4j-to-slf4j\2.24.3\log4j-to-slf4j-2.24.3.jar;D:\Drivers\maven\repository\org\apache\logging\log4j\log4j-api\2.24.3\log4j-api-2.24.3.jar;D:\Drivers\maven\repository\org\slf4j\jul-to-slf4j\2.0.17\jul-to-slf4j-2.0.17.jar;D:\Drivers\maven\repository\jakarta\annotation\jakarta.annotation-api\2.1.1\jakarta.annotation-api-2.1.1.jar;D:\Drivers\maven\repository\org\yaml\snakeyaml\2.4\snakeyaml-2.4.jar;D:\Drivers\maven\repository\org\slf4j\slf4j-api\2.0.17\slf4j-api-2.0.17.jar;D:\Drivers\maven\repository\jakarta\xml\bind\jakarta.xml.bind-api\4.0.4\jakarta.xml.bind-api-4.0.4.jar;D:\Drivers\maven\repository\jakarta\activation\jakarta.activation-api\2.1.4\jakarta.activation-api-2.1.4.jar;D:\Drivers\maven\repository\org\awaitility\awaitility\4.2.2\awaitility-4.2.2.jar;D:\Drivers\maven\repository\org\hamcrest\hamcrest\3.0\hamcrest-3.0.jar;D:\Drivers\maven\repository\org\springframework\spring-core\6.2.18\spring-core-6.2.18.jar;D:\Drivers\maven\repository\org\springframework\spring-jcl\6.2.18\spring-jcl-6.2.18.jar;D:\Drivers\maven\repository\org\springframework\boot\spring-boot-starter-aop\3.5.14\spring-boot-starter-aop-3.5.14.jar;D:\Drivers\maven\repository\org\springframework\spring-aop\6.2.18\spring-aop-6.2.18.jar;D:\Drivers\maven\repository\org\springframework\spring-beans\6.2.18\spring-beans-6.2.18.jar;D:\Drivers\maven\repository\org\aspectj\aspectjweaver\1.9.25.1\aspectjweaver-1.9.25.1.jar;D:\Drivers\maven\repository\org\springframework\boot\spring-boot-starter-data-redis\3.5.14\spring-boot-starter-data-redis-3.5.14.jar;D:\Drivers\maven\repository\io\lettuce\lettuce-core\6.6.0.RELEASE\lettuce-core-6.6.0.RELEASE.jar;D:\Drivers\maven\repository\redis\clients\authentication\redis-authx-core\0.1.1-beta2\redis-authx-core-0.1.1-beta2.jar;D:\Drivers\maven\repository\io\netty\netty-common\4.1.132.Final\netty-common-4.1.132.Final.jar;D:\Drivers\maven\repository\io\netty\netty-handler\4.1.132.Final\netty-handler-4.1.132.Final.jar;D:\Drivers\maven\repository\io\netty\netty-resolver\4.1.132.Final\netty-resolver-4.1.132.Final.jar;D:\Drivers\maven\repository\io\netty\netty-buffer\4.1.132.Final\netty-buffer-4.1.132.Final.jar;D:\Drivers\maven\repository\io\netty\netty-transport-native-unix-common\4.1.132.Final\netty-transport-native-unix-common-4.1.132.Final.jar;D:\Drivers\maven\repository\io\netty\netty-codec\4.1.132.Final\netty-codec-4.1.132.Final.jar;D:\Drivers\maven\repository\io\netty\netty-transport\4.1.132.Final\netty-transport-4.1.132.Final.jar;D:\Drivers\maven\repository\io\projectreactor\reactor-core\3.7.18\reactor-core-3.7.18.jar;D:\Drivers\maven\repository\org\reactivestreams\reactive-streams\1.0.4\reactive-streams-1.0.4.jar;D:\Drivers\maven\repository\org\springframework\data\spring-data-redis\3.5.11\spring-data-redis-3.5.11.jar;D:\Drivers\maven\repository\org\springframework\data\spring-data-keyvalue\3.5.11\spring-data-keyvalue-3.5.11.jar;D:\Drivers\maven\repository\org\springframework\data\spring-data-commons\3.5.11\spring-data-commons-3.5.11.jar;D:\Drivers\maven\repository\org\springframework\spring-oxm\6.2.18\spring-oxm-6.2.18.jar;D:\Drivers\maven\repository\org\springframework\boot\spring-boot-starter-validation\3.5.14\spring-boot-starter-validation-3.5.14.jar;D:\Drivers\maven\repository\org\apache\tomcat\embed\tomcat-embed-el\10.1.54\tomcat-embed-el-10.1.54.jar;D:\Drivers\maven\repository\org\hibernate\validator\hibernate-validator\8.0.3.Final\hibernate-validator-8.0.3.Final.jar;D:\Drivers\maven\repository\jakarta\validation\jakarta.validation-api\3.0.2\jakarta.validation-api-3.0.2.jar;D:\Drivers\maven\repository\org\jboss\logging\jboss-logging\3.6.3.Final\jboss-logging-3.6.3.Final.jar;D:\Drivers\maven\repository\com\fasterxml\classmate\1.7.3\classmate-1.7.3.jar;D:\Drivers\maven\repository\org\springframework\boot\spring-boot-configuration-processor\3.5.14\spring-boot-configuration-processor-3.5.14.jar;D:\Drivers\maven\repository\org\springdoc\springdoc-openapi-starter-webmvc-ui\2.8.13\springdoc-openapi-starter-webmvc-ui-2.8.13.jar;D:\Drivers\maven\repository\org\springdoc\springdoc-openapi-starter-webmvc-api\2.8.13\springdoc-openapi-starter-webmvc-api-2.8.13.jar;D:\Drivers\maven\repository\org\springdoc\springdoc-openapi-starter-common\2.8.13\springdoc-openapi-starter-common-2.8.13.jar;D:\Drivers\maven\repository\io\swagger\core\v3\swagger-core-jakarta\2.2.36\swagger-core-jakarta-2.2.36.jar;D:\Drivers\maven\repository\io\swagger\core\v3\swagger-annotations-jakarta\2.2.36\swagger-annotations-jakarta-2.2.36.jar;D:\Drivers\maven\repository\io\swagger\core\v3\swagger-models-jakarta\2.2.36\swagger-models-jakarta-2.2.36.jar;D:\Drivers\maven\repository\com\fasterxml\jackson\dataformat\jackson-dataformat-yaml\2.21.2\jackson-dataformat-yaml-2.21.2.jar;D:\Drivers\maven\repository\org\springframework\spring-webmvc\6.2.18\spring-webmvc-6.2.18.jar;D:\Drivers\maven\repository\org\webjars\swagger-ui\5.28.1\swagger-ui-5.28.1.jar;D:\Drivers\maven\repository\org\webjars\webjars-locator-lite\1.1.3\webjars-locator-lite-1.1.3.jar;D:\Drivers\maven\repository\org\jspecify\jspecify\1.0.0\jspecify-1.0.0.jar;C:\Users\Administrator\.restfulApiTool\lib\spring-socket-plugin-starter-1.0.0.jar;D:\Drivers\JetBrains\IntelliJ IDEA 2025.2.3\lib\idea_rt.jar
Launcher Type: SUN_STANDARD

[Global flags]
     intx CICompilerCount                          = 12                                        {product} {ergonomic}
     uint ConcGCThreads                            = 3                                         {product} {ergonomic}
     uint G1ConcRefinementThreads                  = 13                                        {product} {ergonomic}
   size_t G1HeapRegionSize                         = 2097152                                   {product} {ergonomic}
    uintx GCDrainStackTargetSize                   = 64                                        {product} {ergonomic}
   size_t InitialHeapSize                          = 264241152                                 {product} {ergonomic}
     bool ManagementServer                         = true                                      {product} {command line}
   size_t MarkStackSize                            = 4194304                                   {product} {ergonomic}
   size_t MaxHeapSize                              = 4223664128                                {product} {ergonomic}
   size_t MinHeapDeltaBytes                        = 2097152                                   {product} {ergonomic}
   size_t MinHeapSize                              = 8388608                                   {product} {ergonomic}
    uintx NonNMethodCodeHeapSize                   = 4096                                   {pd product} {ergonomic}
    uintx NonProfiledCodeHeapSize                  = 0                                      {pd product} {ergonomic}
     bool ProfileInterpreter                       = false                                  {pd product} {command line}
    uintx ProfiledCodeHeapSize                     = 0                                      {pd product} {ergonomic}
   size_t SoftMaxHeapSize                          = 4223664128                             {manageable} {ergonomic}
     intx TieredStopAtLevel                        = 1                                         {product} {command line}
     bool UseCompressedOops                        = true                           {product lp64_product} {ergonomic}
     bool UseG1GC                                  = true                                      {product} {ergonomic}
     bool UseLargePagesIndividualAllocation        = false                                  {pd product} {ergonomic}

Logging:
Log output configuration:
 #0: stdout all=warning uptime,level,tags foldmultilines=false
 #1: stderr all=off uptime,level,tags foldmultilines=false

Environment Variables:
PATH=C:\Python314\Scripts\;C:\Python314\;D:\Program Files\Python\Python3132\Scripts\;D:\Program Files\Python\Python3132\;C:\Windows\system32;C:\Windows;C:\Windows\System32\Wbem;C:\Windows\System32\WindowsPowerShell\v1.0\;C:\Windows\System32\OpenSSH\;D:\Program Files\Java\jdk-17\bin;D:\Program Files\nodejs\node-v22.15.0;D:\Program Files\Python\Python3132;D:\Program Files\Python\Python3132\Scripts;C:\Program Files\Git\cmd;C:\Windows\system32\config\systemprofile\AppData\Local\Microsoft\WindowsApps;C:\windows\system32\HWAudioDriver\;D:\Program Files\Go\bin;C:\ProgramData\chocolatey\bin;D:\Drivers\platform-tools;D:\devices\MongoDB\Server\8.0\bin;D:\Program Files (x86)\mingw64\bin;E:\GoProjects\gk-zap\cmd\zaps;;C:\WINDOWS\system32;C:\WINDOWS;C:\WINDOWS\System32\Wbem;C:\WINDOWS\System32\WindowsPowerShell\v1.0\;C:\WINDOWS\System32\OpenSSH\;D:\Program Files\nodejs\;C:\Users\Administrator\AppData\Local\Programs\Python\Launcher\;C:\Users\Administrator\AppData\Local\Microsoft\WindowsApps;C:\Users\Administrator\go\bin;C:\Users\Administrator\AppData\Roaming\Programs\Zero Install;C:\Users\Administrator\AppData\Local\Microsoft\WindowsApps;C:\Users\Administrator\AppData\Roaming\npm;D:\Programs\cursor\resources\app\bin
USERNAME=Administrator
OS=Windows_NT
PROCESSOR_IDENTIFIER=Intel64 Family 6 Model 154 Stepping 3, GenuineIntel
TMP=C:\Users\ADMINI~1\AppData\Local\Temp
TEMP=C:\Users\ADMINI~1\AppData\Local\Temp




Periodic native trim disabled

---------------  S Y S T E M  ---------------

OS:
 Windows 11 , 64 bit Build 26100 (10.0.26100.8521)
OS uptime: 0 days 7:39 hours
Hyper-V role detected

CPU: total 16 (initial active 16) (8 cores per cpu, 2 threads per core) family 6 model 154 stepping 3 microcode 0x420, cx8, cmov, fxsr, ht, mmx, 3dnowpref, sse, sse2, sse3, ssse3, sse4.1, sse4.2, popcnt, lzcnt, tsc, tscinvbit, avx, avx2, aes, erms, clmul, bmi1, bmi2, adx, sha, fma, vzeroupper, clflush, clflushopt, clwb, hv, serialize, rdtscp, rdpid, fsrm, f16c, cet_ibt, cet_ss
Processor Information for processor 0
  Max Mhz: 2100, Current Mhz: 2100, Mhz Limit: 2100
Processor Information for processor 1
  Max Mhz: 2100, Current Mhz: 2100, Mhz Limit: 2100
Processor Information for processor 2
  Max Mhz: 2100, Current Mhz: 2100, Mhz Limit: 2100
Processor Information for processor 3
  Max Mhz: 2100, Current Mhz: 1453, Mhz Limit: 2100
Processor Information for processor 4
  Max Mhz: 2100, Current Mhz: 2100, Mhz Limit: 2100
Processor Information for processor 5
  Max Mhz: 2100, Current Mhz: 1453, Mhz Limit: 2100
Processor Information for processor 6
  Max Mhz: 2100, Current Mhz: 1453, Mhz Limit: 2100
Processor Information for processor 7
  Max Mhz: 2100, Current Mhz: 2100, Mhz Limit: 2100
Processor Information for processor 8
  Max Mhz: 2100, Current Mhz: 1500, Mhz Limit: 1491
Processor Information for processor 9
  Max Mhz: 2100, Current Mhz: 1500, Mhz Limit: 1491
Processor Information for processor 10
  Max Mhz: 2100, Current Mhz: 1500, Mhz Limit: 1491
Processor Information for processor 11
  Max Mhz: 2100, Current Mhz: 1500, Mhz Limit: 1491
Processor Information for processor 12
  Max Mhz: 2100, Current Mhz: 1500, Mhz Limit: 1491
Processor Information for processor 13
  Max Mhz: 2100, Current Mhz: 1500, Mhz Limit: 1491
Processor Information for processor 14
  Max Mhz: 2100, Current Mhz: 1500, Mhz Limit: 1491
Processor Information for processor 15
  Max Mhz: 2100, Current Mhz: 1500, Mhz Limit: 1491

Memory: 4k page, system-wide physical 16108M (807M free)
TotalPageFile size 34028M (AvailPageFile size 112M)
current process WorkingSet (physical memory assigned to process): 15M, peak: 15M
current process commit charge ("private bytes"): 78M, peak: 329M

vm_info: Java HotSpot(TM) 64-Bit Server VM (21.0.7+8-LTS-245) for windows-amd64 JRE (21.0.7+8-LTS-245), built on 2025-02-21T05:11:27Z by "mach5one" with MS VC++ 17.6 (VS2022)

END.
